=== role=gci name=.codex/AGENTS.md
<!-- cascade:generate-instructions digest=sha256:689c4b16f8309306be3b02a8be5ec6a5d627abf8050422f8026193b5c4673c18 -->
## Cascade Context — GCI Tier (Global Cascade Instructions)

**MCP server:** `stdio: cascade mcp serve --stdio`

Call `cascade.search` before responding to queries about this project.
Call `cascade.context_slice` to retrieve relevant context from the RAG index.
If the cascade MCP tools are unavailable, run `cascade recall` and `cascade context slice` through Bash instead.

# Global

Short sentences.

<!-- /cascade:generate-instructions -->
=== role=prc name=AGENTS.md
<!-- cascade:generate-instructions digest=sha256:a903ce51f473466e34864d5e46cacc24ff58b3903764ff7176a5a6fd630a7575 -->
## Cascade Context — PRC Tier (Per-Repo Instructions)

**MCP server:** `stdio: cascade mcp serve --stdio`

Call `cascade.search` before responding to queries about this project.
Call `cascade.context_slice` to retrieve relevant context from the RAG index.
If the cascade MCP tools are unavailable, run `cascade recall` and `cascade context slice` through Bash instead.

# Repo Instructions

Run the tests.

<!-- /cascade:generate-instructions -->
