approval.deny
approval.expire
approval.grant
approval.list
approval.show
cascade_search
chat.append_turn
chat.get_thread
chat.list_threads
chat.search
chat.threads_list
chat.topics_list
conductor.execute
conductor.expand
context.harness_list
context.harness_sync
context.hydration.degraded
context.hydration.report
context.scope.show
context.show
context.slice
context.sync
fleet.attention.ack
fleet.attention.get
fleet.attention.list
fleet.journal_replay
fleet.journal_show
fleet.mode.set
fleet.mode.show
fleet.quota.snapshot
fleet.sessions.completion_check
fleet.sessions.list
job.cancel
job.list
job.retry
job.show
lease.list
lease.release
mcp.dispatch
memory.consolidate
memory.forget
memory.list
memory.recall
memory.remember
memory.review.act
memory.review.list
memory.soul.edit
memory.soul.export
memory.soul.show
node.dispatch
node.dispatch.claim
node.dispatch.journal
node.dispatch.report
node.upgrade
pa.pair_code
plugin.add
plugin.review.review
plugin.search
policy.audit_query
policy.check
policy.explain
policy.list
recall.index.migrate
recall.index.rebuild
recall.index.update
recall.index.verify
recall.query
recall.what
standing_grant.change
standing_grant.create
standing_grant.list
standing_grant.revoke
status.get
status.widget
supervisor.events_schema
supervisor.snapshot
sync.conflicts_list
sync.conflicts_resolve
sync.run
sync.status
